// Jest Snapshot v1, https://goo.gl/fbAQLP

exports[`Header should render with the default props 1`] = `
<div
  className="sc-bdVaJa lewSnC"
>
  <div
    className="sc-bwzfXH lmIGyu"
  >
    <h1
      className="sc-htpNat jzhphL"
    >
      Recipe finder
    </h1>
  </div>
</div>
`;
